// Jest Snapshot v1, https://goo.gl/fbAQLP

exports[`Item should render an Item correctly 1`] = `
<div
  className="left-align"
  onClick={[Function]}
/>
`;
