// Jest Snapshot v1, https://goo.gl/fbAQLP

exports[`Col should render the Col correctly 1`] = `
<div
  className="col s12"
>
  <p>
    Child
  </p>
</div>
`;
