// Jest Snapshot v1, https://goo.gl/fbAQLP

exports[`CustomHead should render the CustomHead correctly 1`] = `null`;
