// Jest Snapshot v1, https://goo.gl/fbAQLP

exports[`Row should render the Row correctly 1`] = `
<div
  className="row"
>
  <div
    className="col s12"
  >
    <div>
      Child
    </div>
  </div>
</div>
`;
