// Jest Snapshot v1, https://goo.gl/fbAQLP

exports[`Index should match with snapshot 1`] = `
<div>
  <h1>
    Welcome to the 15 puzzle game!
  </h1>
</div>
`;

exports[`Index should render the Index correctly 1`] = `
<div>
  <h1>
    Welcome to the 15 puzzle game!
  </h1>
</div>
`;
