// Jest Snapshot v1, https://goo.gl/fbAQLP

exports[`List should render the List correctly with a title and items 1`] = `
<ul
  className="collection with-header"
>
  <li
    className="collection-header"
  >
    <h4>
      Title
    </h4>
  </li>
  <li
    className="collection-item collection-item-hover"
  >
    <div
      className="left-align"
      onClick={[Function]}
    />
  </li>
  <li
    className="collection-item collection-item-hover"
  >
    <div
      className="left-align"
      onClick={[Function]}
    />
  </li>
  <li
    className="collection-item collection-item-hover"
  >
    <div
      className="left-align"
      onClick={[Function]}
    />
  </li>
</ul>
`;

exports[`List should render the List correctly without a title 1`] = `
<ul
  className="collection with-header"
/>
`;
