// Jest Snapshot v1, https://goo.gl/fbAQLP

exports[`Block should render the Block correctly 1`] = `
<div
  className="row"
>
  <div
    className="col s12"
  >
    <div>
      Hello
    </div>
  </div>
  
</div>
`;
